  Determining projects to restore...
  All projects are up-to-date for restore.
D:\facebook\Tools\main\ViewModels\MainViewModel.cs(219,14): error CS1597: Semicolon after method or accessor block is not valid [D:\facebook\Tools\main\FPlusClone_bkby0j4l_wpftmp.csproj]
D:\facebook\Tools\main\ViewModels\MainViewModel.cs(221,21): error CS1519: Invalid token '=' in a member declaration [D:\facebook\Tools\main\FPlusClone_bkby0j4l_wpftmp.csproj]
D:\facebook\Tools\main\ViewModels\MainViewModel.cs(221,56): error CS1519: Invalid token '{' in a member declaration [D:\facebook\Tools\main\FPlusClone_bkby0j4l_wpftmp.csproj]
D:\facebook\Tools\main\ViewModels\MainViewModel.cs(223,13): error CS0116: A namespace cannot directly contain members such as fields, methods or statements [D:\facebook\Tools\main\FPlusClone_bkby0j4l_wpftmp.csproj]
D:\facebook\Tools\main\ViewModels\MainViewModel.cs(223,21): error CS1022: Type or namespace definition, or end-of-file expected [D:\facebook\Tools\main\FPlusClone_bkby0j4l_wpftmp.csproj]
D:\facebook\Tools\main\ViewModels\MainViewModel.cs(223,54): error CS0116: A namespace cannot directly contain members such as fields, methods or statements [D:\facebook\Tools\main\FPlusClone_bkby0j4l_wpftmp.csproj]
D:\facebook\Tools\main\ViewModels\MainViewModel.cs(223,56): error CS1022: Type or namespace definition, or end-of-file expected [D:\facebook\Tools\main\FPlusClone_bkby0j4l_wpftmp.csproj]
D:\facebook\Tools\main\ViewModels\MainViewModel.cs(224,13): error CS8803: Top-level statements must precede namespace and type declarations. [D:\facebook\Tools\main\FPlusClone_bkby0j4l_wpftmp.csproj]
D:\facebook\Tools\main\ViewModels\MainViewModel.cs(393,9): error CS1022: Type or namespace definition, or end-of-file expected [D:\facebook\Tools\main\FPlusClone_bkby0j4l_wpftmp.csproj]
D:\facebook\Tools\main\ViewModels\MainViewModel.cs(396,9): error CS0106: The modifier 'private' is not valid for this item [D:\facebook\Tools\main\FPlusClone_bkby0j4l_wpftmp.csproj]
D:\facebook\Tools\main\ViewModels\MainViewModel.cs(402,9): error CS0106: The modifier 'private' is not valid for this item [D:\facebook\Tools\main\FPlusClone_bkby0j4l_wpftmp.csproj]
D:\facebook\Tools\main\ViewModels\MainViewModel.cs(418,9): error CS0106: The modifier 'private' is not valid for this item [D:\facebook\Tools\main\FPlusClone_bkby0j4l_wpftmp.csproj]
D:\facebook\Tools\main\ViewModels\MainViewModel.cs(430,9): error CS0106: The modifier 'private' is not valid for this item [D:\facebook\Tools\main\FPlusClone_bkby0j4l_wpftmp.csproj]
D:\facebook\Tools\main\ViewModels\MainViewModel.cs(447,9): error CS0106: The modifier 'private' is not valid for this item [D:\facebook\Tools\main\FPlusClone_bkby0j4l_wpftmp.csproj]
D:\facebook\Tools\main\ViewModels\MainViewModel.cs(459,5): error CS1022: Type or namespace definition, or end-of-file expected [D:\facebook\Tools\main\FPlusClone_bkby0j4l_wpftmp.csproj]
D:\facebook\Tools\main\ViewModels\MainViewModel.cs(460,1): error CS1022: Type or namespace definition, or end-of-file expected [D:\facebook\Tools\main\FPlusClone_bkby0j4l_wpftmp.csproj]

Build FAILED.

D:\facebook\Tools\main\ViewModels\MainViewModel.cs(219,14): error CS1597: Semicolon after method or accessor block is not valid [D:\facebook\Tools\main\FPlusClone_bkby0j4l_wpftmp.csproj]
D:\facebook\Tools\main\ViewModels\MainViewModel.cs(221,21): error CS1519: Invalid token '=' in a member declaration [D:\facebook\Tools\main\FPlusClone_bkby0j4l_wpftmp.csproj]
D:\facebook\Tools\main\ViewModels\MainViewModel.cs(221,56): error CS1519: Invalid token '{' in a member declaration [D:\facebook\Tools\main\FPlusClone_bkby0j4l_wpftmp.csproj]
D:\facebook\Tools\main\ViewModels\MainViewModel.cs(223,13): error CS0116: A namespace cannot directly contain members such as fields, methods or statements [D:\facebook\Tools\main\FPlusClone_bkby0j4l_wpftmp.csproj]
D:\facebook\Tools\main\ViewModels\MainViewModel.cs(223,21): error CS1022: Type or namespace definition, or end-of-file expected [D:\facebook\Tools\main\FPlusClone_bkby0j4l_wpftmp.csproj]
D:\facebook\Tools\main\ViewModels\MainViewModel.cs(223,54): error CS0116: A namespace cannot directly contain members such as fields, methods or statements [D:\facebook\Tools\main\FPlusClone_bkby0j4l_wpftmp.csproj]
D:\facebook\Tools\main\ViewModels\MainViewModel.cs(223,56): error CS1022: Type or namespace definition, or end-of-file expected [D:\facebook\Tools\main\FPlusClone_bkby0j4l_wpftmp.csproj]
D:\facebook\Tools\main\ViewModels\MainViewModel.cs(224,13): error CS8803: Top-level statements must precede namespace and type declarations. [D:\facebook\Tools\main\FPlusClone_bkby0j4l_wpftmp.csproj]
D:\facebook\Tools\main\ViewModels\MainViewModel.cs(393,9): error CS1022: Type or namespace definition, or end-of-file expected [D:\facebook\Tools\main\FPlusClone_bkby0j4l_wpftmp.csproj]
D:\facebook\Tools\main\ViewModels\MainViewModel.cs(396,9): error CS0106: The modifier 'private' is not valid for this item [D:\facebook\Tools\main\FPlusClone_bkby0j4l_wpftmp.csproj]
D:\facebook\Tools\main\ViewModels\MainViewModel.cs(402,9): error CS0106: The modifier 'private' is not valid for this item [D:\facebook\Tools\main\FPlusClone_bkby0j4l_wpftmp.csproj]
D:\facebook\Tools\main\ViewModels\MainViewModel.cs(418,9): error CS0106: The modifier 'private' is not valid for this item [D:\facebook\Tools\main\FPlusClone_bkby0j4l_wpftmp.csproj]
D:\facebook\Tools\main\ViewModels\MainViewModel.cs(430,9): error CS0106: The modifier 'private' is not valid for this item [D:\facebook\Tools\main\FPlusClone_bkby0j4l_wpftmp.csproj]
D:\facebook\Tools\main\ViewModels\MainViewModel.cs(447,9): error CS0106: The modifier 'private' is not valid for this item [D:\facebook\Tools\main\FPlusClone_bkby0j4l_wpftmp.csproj]
D:\facebook\Tools\main\ViewModels\MainViewModel.cs(459,5): error CS1022: Type or namespace definition, or end-of-file expected [D:\facebook\Tools\main\FPlusClone_bkby0j4l_wpftmp.csproj]
D:\facebook\Tools\main\ViewModels\MainViewModel.cs(460,1): error CS1022: Type or namespace definition, or end-of-file expected [D:\facebook\Tools\main\FPlusClone_bkby0j4l_wpftmp.csproj]
    0 Warning(s)
    16 Error(s)

Time Elapsed 00:00:02.69
