  Determining projects to restore...
  All projects are up-to-date for restore.
D:\facebook\Tools\main\Resources\Styles.xaml(36,17): error MC4005: Cannot find the Style Property 'SelectionBackground' on the type 'System.Windows.Controls.DataGrid'. Line 36 Position 17. [D:\facebook\Tools\main\FPlusClone.csproj]
D:\facebook\Tools\main\Views\MainWindow.xaml(14,14): error MC3000: ''local' is an undeclared prefix. Line 14, position 14.' XML is not valid. [D:\facebook\Tools\main\FPlusClone.csproj]

Build FAILED.

D:\facebook\Tools\main\Resources\Styles.xaml(36,17): error MC4005: Cannot find the Style Property 'SelectionBackground' on the type 'System.Windows.Controls.DataGrid'. Line 36 Position 17. [D:\facebook\Tools\main\FPlusClone.csproj]
D:\facebook\Tools\main\Views\MainWindow.xaml(14,14): error MC3000: ''local' is an undeclared prefix. Line 14, position 14.' XML is not valid. [D:\facebook\Tools\main\FPlusClone.csproj]
    0 Warning(s)
    2 Error(s)

Time Elapsed 00:00:02.37
